[hackbpit.iosd.tech/index.html]
[backblue.gif]
[fade.gif]
[index.html]
[hackbpit.iosd.tech/images/finalhack.PNG]
[hackbpit.iosd.tech/img/favicon.ico]
[use.fontawesome.com/releases/v5.6.3/css/all.css]
[hackbpit.iosd.tech/js/uikit.min.js]
[hackbpit.iosd.tech/img/HackBPIT_RED.png]
[hackbpit.iosd.tech/iosdbpitfinal.mp4]
[hackbpit.iosd.tech/resources/images/client-01.d.delayed]
[hackbpit.iosd.tech/resources/images/client-02.jpg]
[hackbpit.iosd.tech/resources/images/client-03.jpg]
[hackbpit.iosd.tech/img/github.png]
[hackbpit.iosd.tech/img/bobble.png]
[hackbpit.iosd.tech/img/kam.jpg]
[hackbpit.iosd.tech/img/team.jpg]
[hackbpit.iosd.tech/cdn-cgi/l/email-protection.17.delayed]
[hackbpit.iosd.tech/Brochure.pdf]
[hackbpit.iosd.tech/js/email-decode.min.js]
[hackbpit.iosd.tech/js/jquery.js]
[hackbpit.iosd.tech/js/bootstrap.min.js]
[hackbpit.iosd.tech/js/fullpage.min.js]
[hackbpit.iosd.tech/js/scrolloverflow.js]
[hackbpit.iosd.tech/js/owl.carousel.min.js]
[hackbpit.iosd.tech/js/jquery.inview.min.js]
[hackbpit.iosd.tech/js/particles.min.js]
[hackbpit.iosd.tech/js/particles-init.js]
[hackbpit.iosd.tech/js/custom.js]
[unpkg.com/ionicons@4.5.1/dist/ionicons.js]
[hackbpit.iosd.tech/index.html]
[hackbpit.iosd.tech/images/finalhack.html]
[hackbpit.iosd.tech/css/uikit.css]
[hackbpit.iosd.tech/css/bootstrap.min.css]
[use.fontawesome.com/releases/v5.6.3/css/all.css]
[hackbpit.iosd.tech/css/fullpage.min.css]
[hackbpit.iosd.tech/index-2.html]
[hackbpit.iosd.tech/css/owl.video.play.24.delayed]
[hackbpit.iosd.tech/css/owl.carousel.css]
[hackbpit.iosd.tech/css/animate.css]
[hackbpit.iosd.tech/css/style.css]
[hackbpit.iosd.tech/img/CNLOGO.svg]
[hackbpit.iosd.tech/img/aptron123.jpg]
[hackbpit.iosd.tech/img/tech.png]
[hackbpit.iosd.tech/index-2.html]
